#miRNA results predicted by miRPara6.3
#By Yonggan Wu and Simon Rayner
#Report bugs to Yonggan Wu (weasteam@gmail.com) or Dr. Simon Rayner (sraynere@wh.iov.cn)
#Bioinformatics Group, State Key Laboratory of Virology, Wuhan Institute of Virology, Chinese Academy of Sciences.
#The Department of Biological Sciences, Texas Tech University.
#Homepage: http://www.whiov.ac.cn/bioinformatics/mirpara
#Google Project: http://code.google.com/p/mirpara/
#Facebook: https://www.facebook.com/mirpara2009
#model: /home/sr/software/miRPara/models/overall_1.model
#cutoff: 0.8
#foldlength: 500
#overlaplength: 150
#
#priid	priseq	miid	miseq	strand	SVM_probability	miRBase
nr1:2336-2398	GAGUAUUUGGUGUCUUUUGGAGuguggauucgcacuccucaagcuuacagaccaccaaaugcc	nr1:2336-2398:1_22	GAGUAUUUGGUGUCUUUUGGAG	5P	0.854681	
nr1:2336-2398	GAGUAUUUGGUGUCUUUUGGAGUguggauucgcacuccucaagcuuacagaccaccaaaugcc	nr1:2336-2398:1_23	GAGUAUUUGGUGUCUUUUGGAGU	5P	0.860276	
nr1:2336-2398	GAGUAUUUGGUGUCUUUUGGAGUGuggauucgcacuccucaagcuuacagaccaccaaaugcc	nr1:2336-2398:1_24	GAGUAUUUGGUGUCUUUUGGAGUG	5P	0.828267	
nr1:2336-2398	gAGUAUUUGGUGUCUUUUGGAGuguggauucgcacuccucaagcuuacagaccaccaaaugcc	nr1:2336-2398:2_21	AGUAUUUGGUGUCUUUUGGAG	5P	0.81709	
nr1:2336-2398	gAGUAUUUGGUGUCUUUUGGAGUguggauucgcacuccucaagcuuacagaccaccaaaugcc	nr1:2336-2398:2_22	AGUAUUUGGUGUCUUUUGGAGU	5P	0.831722	
nr1:2336-2398	gAGUAUUUGGUGUCUUUUGGAGUGuggauucgcacuccucaagcuuacagaccaccaaaugcc	nr1:2336-2398:2_23	AGUAUUUGGUGUCUUUUGGAGUG	5P	0.812131	
nr1:2336-2398	gaGUAUUUGGUGUCUUUUGGAGuguggauucgcacuccucaagcuuacagaccaccaaaugcc	nr1:2336-2398:3_20	GUAUUUGGUGUCUUUUGGAG	5P	0.840603	
nr1:2336-2398	gaGUAUUUGGUGUCUUUUGGAGUguggauucgcacuccucaagcuuacagaccaccaaaugcc	nr1:2336-2398:3_21	GUAUUUGGUGUCUUUUGGAGU	5P	0.862391	
nr1:2336-2398	gaGUAUUUGGUGUCUUUUGGAGUGuggauucgcacuccucaagcuuacagaccaccaaaugcc	nr1:2336-2398:3_22	GUAUUUGGUGUCUUUUGGAGUG	5P	0.861525	
nr1:2336-2398	gaGUAUUUGGUGUCUUUUGGAGUGUggauucgcacuccucaagcuuacagaccaccaaaugcc	nr1:2336-2398:3_23	GUAUUUGGUGUCUUUUGGAGUGU	5P	0.806562	
nr1:2336-2398	gagUAUUUGGUGUCUUUUGGAGUguggauucgcacuccucaagcuuacagaccaccaaaugcc	nr1:2336-2398:4_20	UAUUUGGUGUCUUUUGGAGU	5P	0.827603	
nr1:2336-2398	gagUAUUUGGUGUCUUUUGGAGUGuggauucgcacuccucaagcuuacagaccaccaaaugcc	nr1:2336-2398:4_21	UAUUUGGUGUCUUUUGGAGUG	5P	0.850202	
nr1:2336-2398	gagUAUUUGGUGUCUUUUGGAGUGUggauucgcacuccucaagcuuacagaccaccaaaugcc	nr1:2336-2398:4_22	UAUUUGGUGUCUUUUGGAGUGU	5P	0.822792	
nr1:2336-2398	gaguAUUUGGUGUCUUUUGGAGUGUggauucgcacuccucaagcuuacagaccaccaaaugcc	nr1:2336-2398:5_21	AUUUGGUGUCUUUUGGAGUGU	5P	0.808838	
nr1:2336-2398	gaguAUUUGGUGUCUUUUGGAGUGUGgauucgcacuccucaagcuuacagaccaccaaaugcc	nr1:2336-2398:5_22	AUUUGGUGUCUUUUGGAGUGUG	5P	0.806279	
nr1:2336-2398	gaguaUUUGGUGUCUUUUGGAGUGUggauucgcacuccucaagcuuacagaccaccaaaugcc	nr1:2336-2398:6_20	UUUGGUGUCUUUUGGAGUGU	5P	0.845847	
nr1:2336-2398	gaguaUUUGGUGUCUUUUGGAGUGUGgauucgcacuccucaagcuuacagaccaccaaaugcc	nr1:2336-2398:6_21	UUUGGUGUCUUUUGGAGUGUG	5P	0.866694	
nr1:2336-2398	gaguauuuggugucuuuuggaguguggauucgcacuccucAAGCUUACAGACCACCAAAUGCC	nr1:2336-2398:41_23	AAGCUUACAGACCACCAAAUGCC	3P	0.840312	
nr1:2336-2398	gaguauuuggugucuuuuggaguguggauucgcacuccucaAGCUUACAGACCACCAAAUGCC	nr1:2336-2398:42_22	AGCUUACAGACCACCAAAUGCC	3P	0.880587	
nr1:2336-2398	gaguauuuggugucuuuuggaguguggauucgcacuccucaaGCUUACAGACCACCAAAUGCC	nr1:2336-2398:43_21	GCUUACAGACCACCAAAUGCC	3P	0.88365	
nr1:2336-2398	gaguauuuggugucuuuuggaguguggauucgcacuccucaagCUUACAGACCACCAAAUGCC	nr1:2336-2398:44_20	CUUACAGACCACCAAAUGCC	3P	0.867847	
nr1:815-892	cuuucagcuauAUGGAUGAUGUGGUAUUGGGGGCCaagucuguacaacaucuugagucccuuuuuaccucuauuacca	nr1:815-892:12_24	AUGGAUGAUGUGGUAUUGGGGGCC	5P	0.800814	
nr1:815-892	cuuucagcuauaUGGAUGAUGUGGUAUUGGGGGCCAagucuguacaacaucuugagucccuuuuuaccucuauuacca	nr1:815-892:13_24	UGGAUGAUGUGGUAUUGGGGGCCA	5P	0.883111	
nr1:815-892	cuuucagcuauauGGAUGAUGUGGUAUUGGGGGCCaagucuguacaacaucuugagucccuuuuuaccucuauuacca	nr1:815-892:14_22	GGAUGAUGUGGUAUUGGGGGCC	5P	0.840423	
nr1:815-892	cuuucagcuauauGGAUGAUGUGGUAUUGGGGGCCAagucuguacaacaucuugagucccuuuuuaccucuauuacca	nr1:815-892:14_23	GGAUGAUGUGGUAUUGGGGGCCA	5P	0.894515	
nr1:815-892	cuuucagcuauauGGAUGAUGUGGUAUUGGGGGCCAAgucuguacaacaucuugagucccuuuuuaccucuauuacca	nr1:815-892:14_24	GGAUGAUGUGGUAUUGGGGGCCAA	5P	0.915314	
nr1:815-892	cuuucagcuauaugGAUGAUGUGGUAUUGGGGGCcaagucuguacaacaucuugagucccuuuuuaccucuauuacca	nr1:815-892:15_20	GAUGAUGUGGUAUUGGGGGC	5P	0.822587	
nr1:815-892	cuuucagcuauaugGAUGAUGUGGUAUUGGGGGCCaagucuguacaacaucuugagucccuuuuuaccucuauuacca	nr1:815-892:15_21	GAUGAUGUGGUAUUGGGGGCC	5P	0.861025	
nr1:815-892	cuuucagcuauaugGAUGAUGUGGUAUUGGGGGCCAagucuguacaacaucuugagucccuuuuuaccucuauuacca	nr1:815-892:15_22	GAUGAUGUGGUAUUGGGGGCCA	5P	0.884023	
nr1:815-892	cuuucagcuauaugGAUGAUGUGGUAUUGGGGGCCAAgucuguacaacaucuugagucccuuuuuaccucuauuacca	nr1:815-892:15_23	GAUGAUGUGGUAUUGGGGGCCAA	5P	0.897493	
nr1:815-892	cuuucagcuauaugGAUGAUGUGGUAUUGGGGGCCAAGucuguacaacaucuugagucccuuuuuaccucuauuacca	nr1:815-892:15_24	GAUGAUGUGGUAUUGGGGGCCAAG	5P	0.898904	
nr1:815-892	cuuucagcuauauggAUGAUGUGGUAUUGGGGGCCaagucuguacaacaucuugagucccuuuuuaccucuauuacca	nr1:815-892:16_20	AUGAUGUGGUAUUGGGGGCC	5P	0.900432	
nr1:815-892	cuuucagcuauauggAUGAUGUGGUAUUGGGGGCCAagucuguacaacaucuugagucccuuuuuaccucuauuacca	nr1:815-892:16_21	AUGAUGUGGUAUUGGGGGCCA	5P	0.907038	
nr1:815-892	cuuucagcuauauggAUGAUGUGGUAUUGGGGGCCAAgucuguacaacaucuugagucccuuuuuaccucuauuacca	nr1:815-892:16_22	AUGAUGUGGUAUUGGGGGCCAA	5P	0.904445	
nr1:815-892	cuuucagcuauauggAUGAUGUGGUAUUGGGGGCCAAGucuguacaacaucuugagucccuuuuuaccucuauuacca	nr1:815-892:16_23	AUGAUGUGGUAUUGGGGGCCAAG	5P	0.891727	
nr1:815-892	cuuucagcuauauggAUGAUGUGGUAUUGGGGGCCAAGUcuguacaacaucuugagucccuuuuuaccucuauuacca	nr1:815-892:16_24	AUGAUGUGGUAUUGGGGGCCAAGU	5P	0.887011	
nr1:815-892	cuuucagcuauauggaUGAUGUGGUAUUGGGGGCCAagucuguacaacaucuugagucccuuuuuaccucuauuacca	nr1:815-892:17_20	UGAUGUGGUAUUGGGGGCCA	5P	0.931441	
nr1:815-892	cuuucagcuauauggaUGAUGUGGUAUUGGGGGCCAAgucuguacaacaucuugagucccuuuuuaccucuauuacca	nr1:815-892:17_21	UGAUGUGGUAUUGGGGGCCAA	5P	0.928788	
nr1:815-892	cuuucagcuauauggaUGAUGUGGUAUUGGGGGCCAAGucuguacaacaucuugagucccuuuuuaccucuauuacca	nr1:815-892:17_22	UGAUGUGGUAUUGGGGGCCAAG	5P	0.929663	
nr1:815-892	cuuucagcuauauggaUGAUGUGGUAUUGGGGGCCAAGUcuguacaacaucuugagucccuuuuuaccucuauuacca	nr1:815-892:17_23	UGAUGUGGUAUUGGGGGCCAAGU	5P	0.941539	
nr1:815-892	cuuucagcuauauggaUGAUGUGGUAUUGGGGGCCAAGUCuguacaacaucuugagucccuuuuuaccucuauuacca	nr1:815-892:17_24	UGAUGUGGUAUUGGGGGCCAAGUC	5P	0.953495	
nr1:815-892	cuuucagcuauauggauGAUGUGGUAUUGGGGGCCAAgucuguacaacaucuugagucccuuuuuaccucuauuacca	nr1:815-892:18_20	GAUGUGGUAUUGGGGGCCAA	5P	0.919736	
nr1:815-892	cuuucagcuauauggauGAUGUGGUAUUGGGGGCCAAGucuguacaacaucuugagucccuuuuuaccucuauuacca	nr1:815-892:18_21	GAUGUGGUAUUGGGGGCCAAG	5P	0.919977	
nr1:815-892	cuuucagcuauauggauGAUGUGGUAUUGGGGGCCAAGUcuguacaacaucuugagucccuuuuuaccucuauuacca	nr1:815-892:18_22	GAUGUGGUAUUGGGGGCCAAGU	5P	0.9265	
nr1:815-892	cuuucagcuauauggauGAUGUGGUAUUGGGGGCCAAGUCuguacaacaucuugagucccuuuuuaccucuauuacca	nr1:815-892:18_23	GAUGUGGUAUUGGGGGCCAAGUC	5P	0.928267	
nr1:815-892	cuuucagcuauauggauGAUGUGGUAUUGGGGGCCAAGUCUguacaacaucuugagucccuuuuuaccucuauuacca	nr1:815-892:18_24	GAUGUGGUAUUGGGGGCCAAGUCU	5P	0.90339	
nr1:815-892	cuuucagcuauauggaugAUGUGGUAUUGGGGGCCAAGucuguacaacaucuugagucccuuuuuaccucuauuacca	nr1:815-892:19_20	AUGUGGUAUUGGGGGCCAAG	5P	0.916279	
nr1:815-892	cuuucagcuauauggaugAUGUGGUAUUGGGGGCCAAGUcuguacaacaucuugagucccuuuuuaccucuauuacca	nr1:815-892:19_21	AUGUGGUAUUGGGGGCCAAGU	5P	0.887724	
nr1:815-892	cuuucagcuauauggaugAUGUGGUAUUGGGGGCCAAGUCuguacaacaucuugagucccuuuuuaccucuauuacca	nr1:815-892:19_22	AUGUGGUAUUGGGGGCCAAGUC	5P	0.851935	
nr1:815-892	cuuucagcuauauggaugaugugguauugggggccaagucuguacaacaucUUGAGUCCCUUUUUACCUCUAUuacca	nr1:815-892:52_22	UUGAGUCCCUUUUUACCUCUAU	3P	0.893348	
nr1:815-892	cuuucagcuauauggaugaugugguauugggggccaagucuguacaacaucUUGAGUCCCUUUUUACCUCUAUUacca	nr1:815-892:52_23	UUGAGUCCCUUUUUACCUCUAUU	3P	0.823118	
nr1:815-892	cuuucagcuauauggaugaugugguauugggggccaagucuguacaacaucUUGAGUCCCUUUUUACCUCUAUUAcca	nr1:815-892:52_24	UUGAGUCCCUUUUUACCUCUAUUA	3P	0.854448	
nr1:815-892	cuuucagcuauauggaugaugugguauugggggccaagucuguacaacaucuUGAGUCCCUUUUUACCUCUAUuacca	nr1:815-892:53_21	UGAGUCCCUUUUUACCUCUAU	3P	0.912861	
nr1:815-892	cuuucagcuauauggaugaugugguauugggggccaagucuguacaacaucuUGAGUCCCUUUUUACCUCUAUUacca	nr1:815-892:53_22	UGAGUCCCUUUUUACCUCUAUU	3P	0.896848	
nr1:815-892	cuuucagcuauauggaugaugugguauugggggccaagucuguacaacaucuUGAGUCCCUUUUUACCUCUAUUAcca	nr1:815-892:53_23	UGAGUCCCUUUUUACCUCUAUUA	3P	0.905179	
nr1:815-892	cuuucagcuauauggaugaugugguauugggggccaagucuguacaacaucuUGAGUCCCUUUUUACCUCUAUUACca	nr1:815-892:53_24	UGAGUCCCUUUUUACCUCUAUUAC	3P	0.87585	
nr1:815-892	cuuucagcuauauggaugaugugguauugggggccaagucuguacaacaucuuGAGUCCCUUUUUACCUCUAUuacca	nr1:815-892:54_20	GAGUCCCUUUUUACCUCUAU	3P	0.858868	
nr1:815-892	cuuucagcuauauggaugaugugguauugggggccaagucuguacaacaucuuGAGUCCCUUUUUACCUCUAUUacca	nr1:815-892:54_21	GAGUCCCUUUUUACCUCUAUU	3P	0.918175	
nr1:815-892	cuuucagcuauauggaugaugugguauugggggccaagucuguacaacaucuuGAGUCCCUUUUUACCUCUAUUAcca	nr1:815-892:54_22	GAGUCCCUUUUUACCUCUAUUA	3P	0.924705	
nr1:815-892	cuuucagcuauauggaugaugugguauugggggccaagucuguacaacaucuuGAGUCCCUUUUUACCUCUAUUACca	nr1:815-892:54_23	GAGUCCCUUUUUACCUCUAUUAC	3P	0.881246	
nr1:815-892	cuuucagcuauauggaugaugugguauugggggccaagucuguacaacaucuuGAGUCCCUUUUUACCUCUAUUACCa	nr1:815-892:54_24	GAGUCCCUUUUUACCUCUAUUACC	3P	0.915944	
nr1:815-892	cuuucagcuauauggaugaugugguauugggggccaagucuguacaacaucuugAGUCCCUUUUUACCUCUAUUacca	nr1:815-892:55_20	AGUCCCUUUUUACCUCUAUU	3P	0.857946	
nr1:815-892	cuuucagcuauauggaugaugugguauugggggccaagucuguacaacaucuugAGUCCCUUUUUACCUCUAUUAcca	nr1:815-892:55_21	AGUCCCUUUUUACCUCUAUUA	3P	0.893821	
nr1:815-892	cuuucagcuauauggaugaugugguauugggggccaagucuguacaacaucuugAGUCCCUUUUUACCUCUAUUACca	nr1:815-892:55_22	AGUCCCUUUUUACCUCUAUUAC	3P	0.859346	
nr1:815-892	cuuucagcuauauggaugaugugguauugggggccaagucuguacaacaucuugAGUCCCUUUUUACCUCUAUUACCa	nr1:815-892:55_23	AGUCCCUUUUUACCUCUAUUACC	3P	0.899399	
nr1:815-892	cuuucagcuauauggaugaugugguauugggggccaagucuguacaacaucuugAGUCCCUUUUUACCUCUAUUACCA	nr1:815-892:55_24	AGUCCCUUUUUACCUCUAUUACCA	3P	0.914948	
nr1:815-892	cuuucagcuauauggaugaugugguauugggggccaagucuguacaacaucuugaGUCCCUUUUUACCUCUAUUAcca	nr1:815-892:56_20	GUCCCUUUUUACCUCUAUUA	3P	0.851083	
nr1:815-892	cuuucagcuauauggaugaugugguauugggggccaagucuguacaacaucuugaGUCCCUUUUUACCUCUAUUACca	nr1:815-892:56_21	GUCCCUUUUUACCUCUAUUAC	3P	0.891634	
nr1:815-892	cuuucagcuauauggaugaugugguauugggggccaagucuguacaacaucuugaGUCCCUUUUUACCUCUAUUACCa	nr1:815-892:56_22	GUCCCUUUUUACCUCUAUUACC	3P	0.91851	
nr1:815-892	cuuucagcuauauggaugaugugguauugggggccaagucuguacaacaucuugaGUCCCUUUUUACCUCUAUUACCA	nr1:815-892:56_23	GUCCCUUUUUACCUCUAUUACCA	3P	0.938576	
nr1:815-892	cuuucagcuauauggaugaugugguauugggggccaagucuguacaacaucuugagUCCCUUUUUACCUCUAUUACca	nr1:815-892:57_20	UCCCUUUUUACCUCUAUUAC	3P	0.881223	
nr1:815-892	cuuucagcuauauggaugaugugguauugggggccaagucuguacaacaucuugagUCCCUUUUUACCUCUAUUACCa	nr1:815-892:57_21	UCCCUUUUUACCUCUAUUACC	3P	0.919839	
nr1:815-892	cuuucagcuauauggaugaugugguauugggggccaagucuguacaacaucuugagUCCCUUUUUACCUCUAUUACCA	nr1:815-892:57_22	UCCCUUUUUACCUCUAUUACCA	3P	0.94466	
nr1:815-892	cuuucagcuauauggaugaugugguauugggggccaagucuguacaacaucuugaguCCCUUUUUACCUCUAUUACCa	nr1:815-892:58_20	CCCUUUUUACCUCUAUUACC	3P	0.818833	
nr1:815-892	cuuucagcuauauggaugaugugguauugggggccaagucuguacaacaucuugaguCCCUUUUUACCUCUAUUACCA	nr1:815-892:58_21	CCCUUUUUACCUCUAUUACCA	3P	0.885469	
nr1:1-86	ugUCCCCCCCGGCCCAGGUUCUGUgauacacuccgacucgggcucuggagcagucagugcaugacagaacuugggcccggaaggac	nr1:1-86:3_22	UCCCCCCCGGCCCAGGUUCUGU	5P	0.800764	
nr1:1-86	ugucccccccGGCCCAGGUUCUGUGAUACAcuccgacucgggcucuggagcagucagugcaugacagaacuugggcccggaaggac	nr1:1-86:11_20	GGCCCAGGUUCUGUGAUACA	5P	0.907573	
nr1:1-86	ugucccccccGGCCCAGGUUCUGUGAUACACuccgacucgggcucuggagcagucagugcaugacagaacuugggcccggaaggac	nr1:1-86:11_21	GGCCCAGGUUCUGUGAUACAC	5P	0.962617	
nr1:1-86	ugucccccccGGCCCAGGUUCUGUGAUACACUccgacucgggcucuggagcagucagugcaugacagaacuugggcccggaaggac	nr1:1-86:11_22	GGCCCAGGUUCUGUGAUACACU	5P	0.959365	
nr1:1-86	ugucccccccGGCCCAGGUUCUGUGAUACACUCcgacucgggcucuggagcagucagugcaugacagaacuugggcccggaaggac	nr1:1-86:11_23	GGCCCAGGUUCUGUGAUACACUC	5P	0.951575	
nr1:1-86	ugucccccccGGCCCAGGUUCUGUGAUACACUCCgacucgggcucuggagcagucagugcaugacagaacuugggcccggaaggac	nr1:1-86:11_24	GGCCCAGGUUCUGUGAUACACUCC	5P	0.923145	
nr1:1-86	ugucccccccgGCCCAGGUUCUGUGAUACACuccgacucgggcucuggagcagucagugcaugacagaacuugggcccggaaggac	nr1:1-86:12_20	GCCCAGGUUCUGUGAUACAC	5P	0.939844	
nr1:1-86	ugucccccccgGCCCAGGUUCUGUGAUACACUccgacucgggcucuggagcagucagugcaugacagaacuugggcccggaaggac	nr1:1-86:12_21	GCCCAGGUUCUGUGAUACACU	5P	0.964166	
nr1:1-86	ugucccccccgGCCCAGGUUCUGUGAUACACUCcgacucgggcucuggagcagucagugcaugacagaacuugggcccggaaggac	nr1:1-86:12_22	GCCCAGGUUCUGUGAUACACUC	5P	0.968614	
nr1:1-86	ugucccccccgGCCCAGGUUCUGUGAUACACUCCgacucgggcucuggagcagucagugcaugacagaacuugggcccggaaggac	nr1:1-86:12_23	GCCCAGGUUCUGUGAUACACUCC	5P	0.954908	
nr1:1-86	ugucccccccgGCCCAGGUUCUGUGAUACACUCCGacucgggcucuggagcagucagugcaugacagaacuugggcccggaaggac	nr1:1-86:12_24	GCCCAGGUUCUGUGAUACACUCCG	5P	0.974804	
nr1:1-86	ugucccccccggCCCAGGUUCUGUGAUACACUccgacucgggcucuggagcagucagugcaugacagaacuugggcccggaaggac	nr1:1-86:13_20	CCCAGGUUCUGUGAUACACU	5P	0.871195	
nr1:1-86	ugucccccccggCCCAGGUUCUGUGAUACACUCcgacucgggcucuggagcagucagugcaugacagaacuugggcccggaaggac	nr1:1-86:13_21	CCCAGGUUCUGUGAUACACUC	5P	0.909813	
nr1:1-86	ugucccccccggCCCAGGUUCUGUGAUACACUCCgacucgggcucuggagcagucagugcaugacagaacuugggcccggaaggac	nr1:1-86:13_22	CCCAGGUUCUGUGAUACACUCC	5P	0.914377	
nr1:1-86	ugucccccccggCCCAGGUUCUGUGAUACACUCCGacucgggcucuggagcagucagugcaugacagaacuugggcccggaaggac	nr1:1-86:13_23	CCCAGGUUCUGUGAUACACUCCG	5P	0.966399	
nr1:1-86	ugucccccccggCCCAGGUUCUGUGAUACACUCCGAcucgggcucuggagcagucagugcaugacagaacuugggcccggaaggac	nr1:1-86:13_24	CCCAGGUUCUGUGAUACACUCCGA	5P	0.963417	
nr1:1-86	ugucccccccggcCCAGGUUCUGUGAUACACUCCgacucgggcucuggagcagucagugcaugacagaacuugggcccggaaggac	nr1:1-86:14_21	CCAGGUUCUGUGAUACACUCC	5P	0.803193	
nr1:1-86	ugucccccccggcCCAGGUUCUGUGAUACACUCCGacucgggcucuggagcagucagugcaugacagaacuugggcccggaaggac	nr1:1-86:14_22	CCAGGUUCUGUGAUACACUCCG	5P	0.92688	
nr1:1-86	ugucccccccggcCCAGGUUCUGUGAUACACUCCGAcucgggcucuggagcagucagugcaugacagaacuugggcccggaaggac	nr1:1-86:14_23	CCAGGUUCUGUGAUACACUCCGA	5P	0.940058	
nr1:1-86	ugucccccccggcCCAGGUUCUGUGAUACACUCCGACucgggcucuggagcagucagugcaugacagaacuugggcccggaaggac	nr1:1-86:14_24	CCAGGUUCUGUGAUACACUCCGAC	5P	0.954271	
nr1:1-86	ugucccccccggccCAGGUUCUGUGAUACACUCCGacucgggcucuggagcagucagugcaugacagaacuugggcccggaaggac	nr1:1-86:15_21	CAGGUUCUGUGAUACACUCCG	5P	0.902199	
nr1:1-86	ugucccccccggccCAGGUUCUGUGAUACACUCCGAcucgggcucuggagcagucagugcaugacagaacuugggcccggaaggac	nr1:1-86:15_22	CAGGUUCUGUGAUACACUCCGA	5P	0.927611	
nr1:1-86	ugucccccccggccCAGGUUCUGUGAUACACUCCGACucgggcucuggagcagucagugcaugacagaacuugggcccggaaggac	nr1:1-86:15_23	CAGGUUCUGUGAUACACUCCGAC	5P	0.941912	
nr1:1-86	ugucccccccggccCAGGUUCUGUGAUACACUCCGACUcgggcucuggagcagucagugcaugacagaacuugggcccggaaggac	nr1:1-86:15_24	CAGGUUCUGUGAUACACUCCGACU	5P	0.945796	
nr1:1-86	ugucccccccggcccAGGUUCUGUGAUACACUCCGacucgggcucuggagcagucagugcaugacagaacuugggcccggaaggac	nr1:1-86:16_20	AGGUUCUGUGAUACACUCCG	5P	0.866028	
nr1:1-86	ugucccccccggcccAGGUUCUGUGAUACACUCCGAcucgggcucuggagcagucagugcaugacagaacuugggcccggaaggac	nr1:1-86:16_21	AGGUUCUGUGAUACACUCCGA	5P	0.917854	
nr1:1-86	ugucccccccggcccAGGUUCUGUGAUACACUCCGACucgggcucuggagcagucagugcaugacagaacuugggcccggaaggac	nr1:1-86:16_22	AGGUUCUGUGAUACACUCCGAC	5P	0.931394	
nr1:1-86	ugucccccccggcccAGGUUCUGUGAUACACUCCGACUcgggcucuggagcagucagugcaugacagaacuugggcccggaaggac	nr1:1-86:16_23	AGGUUCUGUGAUACACUCCGACU	5P	0.924934	miR-152-5p
nr1:1-86	ugucccccccggcccAGGUUCUGUGAUACACUCCGACUCgggcucuggagcagucagugcaugacagaacuugggcccggaaggac	nr1:1-86:16_24	AGGUUCUGUGAUACACUCCGACUC	5P	0.924172	
nr1:1-86	ugucccccccggcccaGGUUCUGUGAUACACUCCGAcucgggcucuggagcagucagugcaugacagaacuugggcccggaaggac	nr1:1-86:17_20	GGUUCUGUGAUACACUCCGA	5P	0.905453	
nr1:1-86	ugucccccccggcccaGGUUCUGUGAUACACUCCGACucgggcucuggagcagucagugcaugacagaacuugggcccggaaggac	nr1:1-86:17_21	GGUUCUGUGAUACACUCCGAC	5P	0.928844	
nr1:1-86	ugucccccccggcccaGGUUCUGUGAUACACUCCGACUcgggcucuggagcagucagugcaugacagaacuugggcccggaaggac	nr1:1-86:17_22	GGUUCUGUGAUACACUCCGACU	5P	0.92108	
nr1:1-86	ugucccccccggcccaGGUUCUGUGAUACACUCCGACUCgggcucuggagcagucagugcaugacagaacuugggcccggaaggac	nr1:1-86:17_23	GGUUCUGUGAUACACUCCGACUC	5P	0.921536	
nr1:1-86	ugucccccccggcccaGGUUCUGUGAUACACUCCGACUCGggcucuggagcagucagugcaugacagaacuugggcccggaaggac	nr1:1-86:17_24	GGUUCUGUGAUACACUCCGACUCG	5P	0.907467	
nr1:1-86	ugucccccccggcccagGUUCUGUGAUACACUCCGACucgggcucuggagcagucagugcaugacagaacuugggcccggaaggac	nr1:1-86:18_20	GUUCUGUGAUACACUCCGAC	5P	0.867396	
nr1:1-86	ugucccccccggcccagGUUCUGUGAUACACUCCGACUcgggcucuggagcagucagugcaugacagaacuugggcccggaaggac	nr1:1-86:18_21	GUUCUGUGAUACACUCCGACU	5P	0.883326	
nr1:1-86	ugucccccccggcccagGUUCUGUGAUACACUCCGACUCgggcucuggagcagucagugcaugacagaacuugggcccggaaggac	nr1:1-86:18_22	GUUCUGUGAUACACUCCGACUC	5P	0.896423	
nr1:1-86	ugucccccccggcccagGUUCUGUGAUACACUCCGACUCGggcucuggagcagucagugcaugacagaacuugggcccggaaggac	nr1:1-86:18_23	GUUCUGUGAUACACUCCGACUCG	5P	0.868946	
nr1:1-86	ugucccccccggcccagguucugugauacacuccgacucgggcucuggagcAGUCAGUGCAUGACAGAACUUGggcccggaaggac	nr1:1-86:52_22	AGUCAGUGCAUGACAGAACUUG	3P	0.806479	
nr1:1-86	ugucccccccggcccagguucugugauacacuccgacucgggcucuggagcaGUCAGUGCAUGACAGAACUUgggcccggaaggac	nr1:1-86:53_20	GUCAGUGCAUGACAGAACUU	3P	0.939127	
nr1:1-86	ugucccccccggcccagguucugugauacacuccgacucgggcucuggagcaGUCAGUGCAUGACAGAACUUGggcccggaaggac	nr1:1-86:53_21	GUCAGUGCAUGACAGAACUUG	3P	0.930098	
nr1:1-86	ugucccccccggcccagguucugugauacacuccgacucgggcucuggagcaGUCAGUGCAUGACAGAACUUGGgcccggaaggac	nr1:1-86:53_22	GUCAGUGCAUGACAGAACUUGG	3P	0.922172	
nr1:1-86	ugucccccccggcccagguucugugauacacuccgacucgggcucuggagcaGUCAGUGCAUGACAGAACUUGGGcccggaaggac	nr1:1-86:53_23	GUCAGUGCAUGACAGAACUUGGG	3P	0.912568	
nr1:1-86	ugucccccccggcccagguucugugauacacuccgacucgggcucuggagcaGUCAGUGCAUGACAGAACUUGGGCccggaaggac	nr1:1-86:53_24	GUCAGUGCAUGACAGAACUUGGGC	3P	0.909399	miR-152
nr1:1-86	ugucccccccggcccagguucugugauacacuccgacucgggcucuggagcagUCAGUGCAUGACAGAACUUGggcccggaaggac	nr1:1-86:54_20	UCAGUGCAUGACAGAACUUG	3P	0.940546	
nr1:1-86	ugucccccccggcccagguucugugauacacuccgacucgggcucuggagcagUCAGUGCAUGACAGAACUUGGgcccggaaggac	nr1:1-86:54_21	UCAGUGCAUGACAGAACUUGG	3P	0.930343	miR-152-3p
nr1:1-86	ugucccccccggcccagguucugugauacacuccgacucgggcucuggagcagUCAGUGCAUGACAGAACUUGGGcccggaaggac	nr1:1-86:54_22	UCAGUGCAUGACAGAACUUGGG	3P	0.923072	miR-152-3p
nr1:1-86	ugucccccccggcccagguucugugauacacuccgacucgggcucuggagcagUCAGUGCAUGACAGAACUUGGGCccggaaggac	nr1:1-86:54_23	UCAGUGCAUGACAGAACUUGGGC	3P	0.931603	
nr1:1-86	ugucccccccggcccagguucugugauacacuccgacucgggcucuggagcagUCAGUGCAUGACAGAACUUGGGCCcggaaggac	nr1:1-86:54_24	UCAGUGCAUGACAGAACUUGGGCC	3P	0.879161	
nr1:1-86	ugucccccccggcccagguucugugauacacuccgacucgggcucuggagcaguCAGUGCAUGACAGAACUUGGgcccggaaggac	nr1:1-86:55_20	CAGUGCAUGACAGAACUUGG	3P	0.932046	
nr1:1-86	ugucccccccggcccagguucugugauacacuccgacucgggcucuggagcaguCAGUGCAUGACAGAACUUGGGcccggaaggac	nr1:1-86:55_21	CAGUGCAUGACAGAACUUGGG	3P	0.932586	
nr1:1-86	ugucccccccggcccagguucugugauacacuccgacucgggcucuggagcaguCAGUGCAUGACAGAACUUGGGCccggaaggac	nr1:1-86:55_22	CAGUGCAUGACAGAACUUGGGC	3P	0.953383	
nr1:1-86	ugucccccccggcccagguucugugauacacuccgacucgggcucuggagcaguCAGUGCAUGACAGAACUUGGGCCcggaaggac	nr1:1-86:55_23	CAGUGCAUGACAGAACUUGGGCC	3P	0.93896	
nr1:1-86	ugucccccccggcccagguucugugauacacuccgacucgggcucuggagcaguCAGUGCAUGACAGAACUUGGGCCCggaaggac	nr1:1-86:55_24	CAGUGCAUGACAGAACUUGGGCCC	3P	0.863431	
nr1:1-86	ugucccccccggcccagguucugugauacacuccgacucgggcucuggagcagucAGUGCAUGACAGAACUUGGGcccggaaggac	nr1:1-86:56_20	AGUGCAUGACAGAACUUGGG	3P	0.912057	
nr1:1-86	ugucccccccggcccagguucugugauacacuccgacucgggcucuggagcagucAGUGCAUGACAGAACUUGGGCccggaaggac	nr1:1-86:56_21	AGUGCAUGACAGAACUUGGGC	3P	0.939544	
nr1:1-86	ugucccccccggcccagguucugugauacacuccgacucgggcucuggagcagucAGUGCAUGACAGAACUUGGGCCcggaaggac	nr1:1-86:56_22	AGUGCAUGACAGAACUUGGGCC	3P	0.942869	
nr1:1-86	ugucccccccggcccagguucugugauacacuccgacucgggcucuggagcagucAGUGCAUGACAGAACUUGGGCCCggaaggac	nr1:1-86:56_23	AGUGCAUGACAGAACUUGGGCCC	3P	0.875522	
nr1:1-86	ugucccccccggcccagguucugugauacacuccgacucgggcucuggagcagucaGUGCAUGACAGAACUUGGGCccggaaggac	nr1:1-86:57_20	GUGCAUGACAGAACUUGGGC	3P	0.846504	
nr1:1-86	ugucccccccggcccagguucugugauacacuccgacucgggcucuggagcagucaGUGCAUGACAGAACUUGGGCCcggaaggac	nr1:1-86:57_21	GUGCAUGACAGAACUUGGGCC	3P	0.940596	
nr1:1-86	ugucccccccggcccagguucugugauacacuccgacucgggcucuggagcagucaGUGCAUGACAGAACUUGGGCCCggaaggac	nr1:1-86:57_22	GUGCAUGACAGAACUUGGGCCC	3P	0.907515	
nr1:1-86	ugucccccccggcccagguucugugauacacuccgacucgggcucuggagcagucagUGCAUGACAGAACUUGGGCCcggaaggac	nr1:1-86:58_20	UGCAUGACAGAACUUGGGCC	3P	0.853401	
nr1:1-86	ugucccccccggcccagguucugugauacacuccgacucgggcucuggagcagucagUGCAUGACAGAACUUGGGCCCggaaggac	nr1:1-86:58_21	UGCAUGACAGAACUUGGGCCC	3P	0.836768	
nr1:1832-1932	ggaggagauuagguuaaugaUCUUUGUACUAGGAGGCUGUAGGcauaaauuggucuguucaccagcaccaugcaacuuuuucaccucugccuaaucaucuc	nr1:1832-1932:21_23	UCUUUGUACUAGGAGGCUGUAGG	5P	0.860211	
nr1:1832-1932	ggaggagauuagguuaaugaUCUUUGUACUAGGAGGCUGUAGGCauaaauuggucuguucaccagcaccaugcaacuuuuucaccucugccuaaucaucuc	nr1:1832-1932:21_24	UCUUUGUACUAGGAGGCUGUAGGC	5P	0.871293	
nr1:1832-1932	ggaggagauuagguuaaugauCUUUGUACUAGGAGGCUGUAGGcauaaauuggucuguucaccagcaccaugcaacuuuuucaccucugccuaaucaucuc	nr1:1832-1932:22_22	CUUUGUACUAGGAGGCUGUAGG	5P	0.898494	
nr1:1832-1932	ggaggagauuagguuaaugauCUUUGUACUAGGAGGCUGUAGGCauaaauuggucuguucaccagcaccaugcaacuuuuucaccucugccuaaucaucuc	nr1:1832-1932:22_23	CUUUGUACUAGGAGGCUGUAGGC	5P	0.933517	
nr1:1832-1932	ggaggagauuagguuaaugaucuuuguacuaggaggcuguaggcauaaauuggucuguuCACCAGCACCAUGCAACUUUUUCAccucugccuaaucaucuc	nr1:1832-1932:60_24	CACCAGCACCAUGCAACUUUUUCA	3P	0.847995	
nr1:1832-1932	ggaggagauuagguuaaugaucuuuguacuaggaggcuguaggcauaaauuggucuguucACCAGCACCAUGCAACUUUUUCAccucugccuaaucaucuc	nr1:1832-1932:61_23	ACCAGCACCAUGCAACUUUUUCA	3P	0.845446	
nr1:1832-1932	ggaggagauuagguuaaugaucuuuguacuaggaggcuguaggcauaaauuggucuguucACCAGCACCAUGCAACUUUUUCACcucugccuaaucaucuc	nr1:1832-1932:61_24	ACCAGCACCAUGCAACUUUUUCAC	3P	0.83868	
nr1:1832-1932	ggaggagauuagguuaaugaucuuuguacuaggaggcuguaggcauaaauuggucuguucaCCAGCACCAUGCAACUUUUUCAccucugccuaaucaucuc	nr1:1832-1932:62_22	CCAGCACCAUGCAACUUUUUCA	3P	0.84803	
nr1:1832-1932	ggaggagauuagguuaaugaucuuuguacuaggaggcuguaggcauaaauuggucuguucaCCAGCACCAUGCAACUUUUUCACcucugccuaaucaucuc	nr1:1832-1932:62_23	CCAGCACCAUGCAACUUUUUCAC	3P	0.867961	
nr1:1832-1932	ggaggagauuagguuaaugaucuuuguacuaggaggcuguaggcauaaauuggucuguucaCCAGCACCAUGCAACUUUUUCACCucugccuaaucaucuc	nr1:1832-1932:62_24	CCAGCACCAUGCAACUUUUUCACC	3P	0.867676	
nr1:1832-1932	ggaggagauuagguuaaugaucuuuguacuaggaggcuguaggcauaaauuggucuguucacCAGCACCAUGCAACUUUUUCACcucugccuaaucaucuc	nr1:1832-1932:63_22	CAGCACCAUGCAACUUUUUCAC	3P	0.828444	
nr1:1832-1932	ggaggagauuagguuaaugaucuuuguacuaggaggcuguaggcauaaauuggucuguucacCAGCACCAUGCAACUUUUUCACCucugccuaaucaucuc	nr1:1832-1932:63_23	CAGCACCAUGCAACUUUUUCACC	3P	0.846533	
nr1:1933-1998	AUGUUCAUGUCCUACUGUUCAAGCcuccaagcugugccuuggauggcuuugggacauggacauuga	nr1:1933-1998:1_24	AUGUUCAUGUCCUACUGUUCAAGC	5P	0.845654	
nr1:1933-1998	auGUUCAUGUCCUACUGUUCAAGCCUccaagcugugccuuggauggcuuugggacauggacauuga	nr1:1933-1998:3_24	GUUCAUGUCCUACUGUUCAAGCCU	5P	0.858514	
nr1:1933-1998	augUUCAUGUCCUACUGUUCAAGCCUccaagcugugccuuggauggcuuugggacauggacauuga	nr1:1933-1998:4_23	UUCAUGUCCUACUGUUCAAGCCU	5P	0.840149	
nr1:1933-1998	augUUCAUGUCCUACUGUUCAAGCCUCcaagcugugccuuggauggcuuugggacauggacauuga	nr1:1933-1998:4_24	UUCAUGUCCUACUGUUCAAGCCUC	5P	0.818731	
nr1:1933-1998	auguUCAUGUCCUACUGUUCAAGCCUccaagcugugccuuggauggcuuugggacauggacauuga	nr1:1933-1998:5_22	UCAUGUCCUACUGUUCAAGCCU	5P	0.83969	
nr1:1933-1998	auguucauguccuacuguucaagccuccaagcugugccuuGGAUGGCUUUGGGACAUGGACauuga	nr1:1933-1998:41_21	GGAUGGCUUUGGGACAUGGAC	3P	0.858167	
nr1:1933-1998	auguucauguccuacuguucaagccuccaagcugugccuuGGAUGGCUUUGGGACAUGGACAuuga	nr1:1933-1998:41_22	GGAUGGCUUUGGGACAUGGACA	3P	0.878502	
nr1:1933-1998	auguucauguccuacuguucaagccuccaagcugugccuuGGAUGGCUUUGGGACAUGGACAUuga	nr1:1933-1998:41_23	GGAUGGCUUUGGGACAUGGACAU	3P	0.832576	
nr1:1933-1998	auguucauguccuacuguucaagccuccaagcugugccuugGAUGGCUUUGGGACAUGGACauuga	nr1:1933-1998:42_20	GAUGGCUUUGGGACAUGGAC	3P	0.893206	
nr1:1933-1998	auguucauguccuacuguucaagccuccaagcugugccuugGAUGGCUUUGGGACAUGGACAuuga	nr1:1933-1998:42_21	GAUGGCUUUGGGACAUGGACA	3P	0.897078	
nr1:1933-1998	auguucauguccuacuguucaagccuccaagcugugccuugGAUGGCUUUGGGACAUGGACAUuga	nr1:1933-1998:42_22	GAUGGCUUUGGGACAUGGACAU	3P	0.890831	
nr1:1933-1998	auguucauguccuacuguucaagccuccaagcugugccuugGAUGGCUUUGGGACAUGGACAUUga	nr1:1933-1998:42_23	GAUGGCUUUGGGACAUGGACAUU	3P	0.868688	
nr1:1933-1998	auguucauguccuacuguucaagccuccaagcugugccuugGAUGGCUUUGGGACAUGGACAUUGa	nr1:1933-1998:42_24	GAUGGCUUUGGGACAUGGACAUUG	3P	0.818862	
nr1:1933-1998	auguucauguccuacuguucaagccuccaagcugugccuuggAUGGCUUUGGGACAUGGACAuuga	nr1:1933-1998:43_20	AUGGCUUUGGGACAUGGACA	3P	0.881913	
nr1:1933-1998	auguucauguccuacuguucaagccuccaagcugugccuuggAUGGCUUUGGGACAUGGACAUuga	nr1:1933-1998:43_21	AUGGCUUUGGGACAUGGACAU	3P	0.915722	
nr1:1933-1998	auguucauguccuacuguucaagccuccaagcugugccuuggAUGGCUUUGGGACAUGGACAUUga	nr1:1933-1998:43_22	AUGGCUUUGGGACAUGGACAUU	3P	0.911425	
nr1:1933-1998	auguucauguccuacuguucaagccuccaagcugugccuuggAUGGCUUUGGGACAUGGACAUUGa	nr1:1933-1998:43_23	AUGGCUUUGGGACAUGGACAUUG	3P	0.881761	
nr1:1933-1998	auguucauguccuacuguucaagccuccaagcugugccuuggAUGGCUUUGGGACAUGGACAUUGA	nr1:1933-1998:43_24	AUGGCUUUGGGACAUGGACAUUGA	3P	0.828991	
nr1:1933-1998	auguucauguccuacuguucaagccuccaagcugugccuuggaUGGCUUUGGGACAUGGACAUuga	nr1:1933-1998:44_20	UGGCUUUGGGACAUGGACAU	3P	0.906964	
nr1:1933-1998	auguucauguccuacuguucaagccuccaagcugugccuuggaUGGCUUUGGGACAUGGACAUUga	nr1:1933-1998:44_21	UGGCUUUGGGACAUGGACAUU	3P	0.924286	
nr1:1933-1998	auguucauguccuacuguucaagccuccaagcugugccuuggaUGGCUUUGGGACAUGGACAUUGa	nr1:1933-1998:44_22	UGGCUUUGGGACAUGGACAUUG	3P	0.918038	
nr1:1933-1998	auguucauguccuacuguucaagccuccaagcugugccuuggaUGGCUUUGGGACAUGGACAUUGA	nr1:1933-1998:44_23	UGGCUUUGGGACAUGGACAUUGA	3P	0.892487	
nr1:1933-1998	auguucauguccuacuguucaagccuccaagcugugccuuggauGGCUUUGGGACAUGGACAUUga	nr1:1933-1998:45_20	GGCUUUGGGACAUGGACAUU	3P	0.936188	
nr1:1933-1998	auguucauguccuacuguucaagccuccaagcugugccuuggauGGCUUUGGGACAUGGACAUUGa	nr1:1933-1998:45_21	GGCUUUGGGACAUGGACAUUG	3P	0.937691	
nr1:1933-1998	auguucauguccuacuguucaagccuccaagcugugccuuggaugGCUUUGGGACAUGGACAUUGa	nr1:1933-1998:46_20	GCUUUGGGACAUGGACAUUG	3P	0.919351	
nr1:1933-1998	auguucauguccuacuguucaagccuccaagcugugccuuggaugGCUUUGGGACAUGGACAUUGA	nr1:1933-1998:46_21	GCUUUGGGACAUGGACAUUGA	3P	0.91445	
nr1:1933-1998	auguucauguccuacuguucaagccuccaagcugugccuuggauggCUUUGGGACAUGGACAUUGA	nr1:1933-1998:47_20	CUUUGGGACAUGGACAUUGA	3P	0.800572	
nr1:2117-2192	ucuccggaACAUUGUUCACCUCACCAUACAGCacucaggcaagcuauucuguguuggggugaguugaugaaucugg	nr1:2117-2192:9_24	ACAUUGUUCACCUCACCAUACAGC	5P	0.835089	
nr1:2117-2192	ucuccggaaCAUUGUUCACCUCACCAUACAgcacucaggcaagcuauucuguguuggggugaguugaugaaucugg	nr1:2117-2192:10_21	CAUUGUUCACCUCACCAUACA	5P	0.855818	
nr1:2117-2192	ucuccggaaCAUUGUUCACCUCACCAUACAGcacucaggcaagcuauucuguguuggggugaguugaugaaucugg	nr1:2117-2192:10_22	CAUUGUUCACCUCACCAUACAG	5P	0.88971	
nr1:2117-2192	ucuccggaaCAUUGUUCACCUCACCAUACAGCacucaggcaagcuauucuguguuggggugaguugaugaaucugg	nr1:2117-2192:10_23	CAUUGUUCACCUCACCAUACAGC	5P	0.934594	
nr1:2117-2192	ucuccggaaCAUUGUUCACCUCACCAUACAGCAcucaggcaagcuauucuguguuggggugaguugaugaaucugg	nr1:2117-2192:10_24	CAUUGUUCACCUCACCAUACAGCA	5P	0.913914	
nr1:2117-2192	ucuccggaacAUUGUUCACCUCACCAUACAGcacucaggcaagcuauucuguguuggggugaguugaugaaucugg	nr1:2117-2192:11_21	AUUGUUCACCUCACCAUACAG	5P	0.82036	
nr1:2117-2192	ucuccggaacAUUGUUCACCUCACCAUACAGCacucaggcaagcuauucuguguuggggugaguugaugaaucugg	nr1:2117-2192:11_22	AUUGUUCACCUCACCAUACAGC	5P	0.907204	
nr1:2117-2192	ucuccggaacAUUGUUCACCUCACCAUACAGCAcucaggcaagcuauucuguguuggggugaguugaugaaucugg	nr1:2117-2192:11_23	AUUGUUCACCUCACCAUACAGCA	5P	0.905647	
nr1:2117-2192	ucuccggaacAUUGUUCACCUCACCAUACAGCACucaggcaagcuauucuguguuggggugaguugaugaaucugg	nr1:2117-2192:11_24	AUUGUUCACCUCACCAUACAGCAC	5P	0.904918	
nr1:2117-2192	ucuccggaacaUUGUUCACCUCACCAUACAGCacucaggcaagcuauucuguguuggggugaguugaugaaucugg	nr1:2117-2192:12_21	UUGUUCACCUCACCAUACAGC	5P	0.913524	
nr1:2117-2192	ucuccggaacaUUGUUCACCUCACCAUACAGCAcucaggcaagcuauucuguguuggggugaguugaugaaucugg	nr1:2117-2192:12_22	UUGUUCACCUCACCAUACAGCA	5P	0.915787	
nr1:2117-2192	ucuccggaacaUUGUUCACCUCACCAUACAGCACucaggcaagcuauucuguguuggggugaguugaugaaucugg	nr1:2117-2192:12_23	UUGUUCACCUCACCAUACAGCAC	5P	0.938802	
nr1:2117-2192	ucuccggaacaUUGUUCACCUCACCAUACAGCACUcaggcaagcuauucuguguuggggugaguugaugaaucugg	nr1:2117-2192:12_24	UUGUUCACCUCACCAUACAGCACU	5P	0.923959	
nr1:2117-2192	ucuccggaacauUGUUCACCUCACCAUACAGCacucaggcaagcuauucuguguuggggugaguugaugaaucugg	nr1:2117-2192:13_20	UGUUCACCUCACCAUACAGC	5P	0.84862	
nr1:2117-2192	ucuccggaacauUGUUCACCUCACCAUACAGCAcucaggcaagcuauucuguguuggggugaguugaugaaucugg	nr1:2117-2192:13_21	UGUUCACCUCACCAUACAGCA	5P	0.867708	
nr1:2117-2192	ucuccggaacauUGUUCACCUCACCAUACAGCACucaggcaagcuauucuguguuggggugaguugaugaaucugg	nr1:2117-2192:13_22	UGUUCACCUCACCAUACAGCAC	5P	0.931319	
nr1:2117-2192	ucuccggaacauUGUUCACCUCACCAUACAGCACUcaggcaagcuauucuguguuggggugaguugaugaaucugg	nr1:2117-2192:13_23	UGUUCACCUCACCAUACAGCACU	5P	0.912601	
nr1:2117-2192	ucuccggaacauUGUUCACCUCACCAUACAGCACUCaggcaagcuauucuguguuggggugaguugaugaaucugg	nr1:2117-2192:13_24	UGUUCACCUCACCAUACAGCACUC	5P	0.911995	
nr1:2117-2192	ucuccggaacauuGUUCACCUCACCAUACAGCAcucaggcaagcuauucuguguuggggugaguugaugaaucugg	nr1:2117-2192:14_20	GUUCACCUCACCAUACAGCA	5P	0.803846	
nr1:2117-2192	ucuccggaacauuGUUCACCUCACCAUACAGCACucaggcaagcuauucuguguuggggugaguugaugaaucugg	nr1:2117-2192:14_21	GUUCACCUCACCAUACAGCAC	5P	0.906466	
nr1:2117-2192	ucuccggaacauuGUUCACCUCACCAUACAGCACUcaggcaagcuauucuguguuggggugaguugaugaaucugg	nr1:2117-2192:14_22	GUUCACCUCACCAUACAGCACU	5P	0.900098	
nr1:2117-2192	ucuccggaacauuGUUCACCUCACCAUACAGCACUCaggcaagcuauucuguguuggggugaguugaugaaucugg	nr1:2117-2192:14_23	GUUCACCUCACCAUACAGCACUC	5P	0.909345	
nr1:2117-2192	ucuccggaacauugUUCACCUCACCAUACAGCACUCaggcaagcuauucuguguuggggugaguugaugaaucugg	nr1:2117-2192:15_22	UUCACCUCACCAUACAGCACUC	5P	0.82903	
nr1:2117-2192	ucuccggaacauuguucaccucaccauacagcacucaggcaagcuauUCUGUGUUGGGGUGAGUUGAUGAAucugg	nr1:2117-2192:48_24	UCUGUGUUGGGGUGAGUUGAUGAA	3P	0.883185	
nr1:2117-2192	ucuccggaacauuguucaccucaccauacagcacucaggcaagcuauuCUGUGUUGGGGUGAGUUGAUGAAUcugg	nr1:2117-2192:49_24	CUGUGUUGGGGUGAGUUGAUGAAU	3P	0.905975	
nr1:2117-2192	ucuccggaacauuguucaccucaccauacagcacucaggcaagcuauucUGUGUUGGGGUGAGUUGAUGAAUcugg	nr1:2117-2192:50_23	UGUGUUGGGGUGAGUUGAUGAAU	3P	0.872566	
nr1:2117-2192	ucuccggaacauuguucaccucaccauacagcacucaggcaagcuauucUGUGUUGGGGUGAGUUGAUGAAUCugg	nr1:2117-2192:50_24	UGUGUUGGGGUGAGUUGAUGAAUC	3P	0.913726	
nr1:2117-2192	ucuccggaacauuguucaccucaccauacagcacucaggcaagcuauucuGUGUUGGGGUGAGUUGAUGAAUcugg	nr1:2117-2192:51_22	GUGUUGGGGUGAGUUGAUGAAU	3P	0.818352	
nr1:2117-2192	ucuccggaacauuguucaccucaccauacagcacucaggcaagcuauucuGUGUUGGGGUGAGUUGAUGAAUCugg	nr1:2117-2192:51_23	GUGUUGGGGUGAGUUGAUGAAUC	3P	0.893601	
nr1:2117-2192	ucuccggaacauuguucaccucaccauacagcacucaggcaagcuauucuGUGUUGGGGUGAGUUGAUGAAUCUgg	nr1:2117-2192:51_24	GUGUUGGGGUGAGUUGAUGAAUCU	3P	0.940953	
nr1:2117-2192	ucuccggaacauuguucaccucaccauacagcacucaggcaagcuauucugUGUUGGGGUGAGUUGAUGAAUcugg	nr1:2117-2192:52_21	UGUUGGGGUGAGUUGAUGAAU	3P	0.806031	
nr1:2117-2192	ucuccggaacauuguucaccucaccauacagcacucaggcaagcuauucugUGUUGGGGUGAGUUGAUGAAUCugg	nr1:2117-2192:52_22	UGUUGGGGUGAGUUGAUGAAUC	3P	0.872091	
nr1:2117-2192	ucuccggaacauuguucaccucaccauacagcacucaggcaagcuauucugUGUUGGGGUGAGUUGAUGAAUCUgg	nr1:2117-2192:52_23	UGUUGGGGUGAGUUGAUGAAUCU	3P	0.947597	
nr1:2117-2192	ucuccggaacauuguucaccucaccauacagcacucaggcaagcuauucugUGUUGGGGUGAGUUGAUGAAUCUGg	nr1:2117-2192:52_24	UGUUGGGGUGAGUUGAUGAAUCUG	3P	0.948112	
nr1:2117-2192	ucuccggaacauuguucaccucaccauacagcacucaggcaagcuauucuguGUUGGGGUGAGUUGAUGAAUCugg	nr1:2117-2192:53_21	GUUGGGGUGAGUUGAUGAAUC	3P	0.827501	
nr1:2117-2192	ucuccggaacauuguucaccucaccauacagcacucaggcaagcuauucuguGUUGGGGUGAGUUGAUGAAUCUgg	nr1:2117-2192:53_22	GUUGGGGUGAGUUGAUGAAUCU	3P	0.946605	
nr1:2117-2192	ucuccggaacauuguucaccucaccauacagcacucaggcaagcuauucuguGUUGGGGUGAGUUGAUGAAUCUGg	nr1:2117-2192:53_23	GUUGGGGUGAGUUGAUGAAUCUG	3P	0.967181	
nr1:2117-2192	ucuccggaacauuguucaccucaccauacagcacucaggcaagcuauucuguGUUGGGGUGAGUUGAUGAAUCUGG	nr1:2117-2192:53_24	GUUGGGGUGAGUUGAUGAAUCUGG	3P	0.970731	
nr1:2117-2192	ucuccggaacauuguucaccucaccauacagcacucaggcaagcuauucugugUUGGGGUGAGUUGAUGAAUCUgg	nr1:2117-2192:54_21	UUGGGGUGAGUUGAUGAAUCU	3P	0.903064	
nr1:2117-2192	ucuccggaacauuguucaccucaccauacagcacucaggcaagcuauucugugUUGGGGUGAGUUGAUGAAUCUGg	nr1:2117-2192:54_22	UUGGGGUGAGUUGAUGAAUCUG	3P	0.953444	
nr1:2117-2192	ucuccggaacauuguucaccucaccauacagcacucaggcaagcuauucugugUUGGGGUGAGUUGAUGAAUCUGG	nr1:2117-2192:54_23	UUGGGGUGAGUUGAUGAAUCUGG	3P	0.9712	
nr1:2117-2192	ucuccggaacauuguucaccucaccauacagcacucaggcaagcuauucuguguUGGGGUGAGUUGAUGAAUCUgg	nr1:2117-2192:55_20	UGGGGUGAGUUGAUGAAUCU	3P	0.81705	
nr1:2117-2192	ucuccggaacauuguucaccucaccauacagcacucaggcaagcuauucuguguUGGGGUGAGUUGAUGAAUCUGg	nr1:2117-2192:55_21	UGGGGUGAGUUGAUGAAUCUG	3P	0.926791	
nr1:2117-2192	ucuccggaacauuguucaccucaccauacagcacucaggcaagcuauucuguguUGGGGUGAGUUGAUGAAUCUGG	nr1:2117-2192:55_22	UGGGGUGAGUUGAUGAAUCUGG	3P	0.950253	
nr1:2117-2192	ucuccggaacauuguucaccucaccauacagcacucaggcaagcuauucuguguuGGGGUGAGUUGAUGAAUCUGg	nr1:2117-2192:56_20	GGGGUGAGUUGAUGAAUCUG	3P	0.842537	
nr1:2117-2192	ucuccggaacauuguucaccucaccauacagcacucaggcaagcuauucuguguuGGGGUGAGUUGAUGAAUCUGG	nr1:2117-2192:56_21	GGGGUGAGUUGAUGAAUCUGG	3P	0.8367	
